test_empty_path_exposes_only_the_fixture_launcher (tests.test_fixture_python.PinnedPythonFixtureTests.test_empty_path_exposes_only_the_fixture_launcher) ... ok
test_exception_removes_launcher_and_restores_absent_path (tests.test_fixture_python.PinnedPythonFixtureTests.test_exception_removes_launcher_and_restores_absent_path) ... ok
test_nested_launcher_restores_its_enclosing_scope (tests.test_fixture_python.PinnedPythonFixtureTests.test_nested_launcher_restores_its_enclosing_scope) ... ok
test_restricted_child_uses_the_declared_interpreter_and_controls (tests.test_fixture_python.PinnedPythonFixtureTests.test_restricted_child_uses_the_declared_interpreter_and_controls) ... ok
test_local_proof_keeps_the_bootstrap_qualification (tests.test_adr_assignment_workflow.QualificationAndProofTests.test_local_proof_keeps_the_bootstrap_qualification) ... ok
test_wrong_integration_id_and_missing_status_do_not_qualify (tests.test_adr_assignment_workflow.QualificationAndProofTests.test_wrong_integration_id_and_missing_status_do_not_qualify) ... ok
test_removing_the_base_comparison_revives_the_stale_report (tests.test_adr_assignment_workflow.StaleBaseRegressionTests.test_removing_the_base_comparison_revives_the_stale_report) ... ok
test_two_candidates_recompute_after_one_advances_main (tests.test_adr_assignment_workflow.StaleBaseRegressionTests.test_two_candidates_recompute_after_one_advances_main) ... ok
test_base_and_head_refs_are_reread_after_evidence_collection (tests.test_adr_assignment_workflow.WorkflowContractTests.test_base_and_head_refs_are_reread_after_evidence_collection) ... ok
test_candidate_objects_enter_only_a_fresh_bare_repository (tests.test_adr_assignment_workflow.WorkflowContractTests.test_candidate_objects_enter_only_a_fresh_bare_repository) ... ok
test_git_configuration_hooks_aliases_and_transports_are_closed (tests.test_adr_assignment_workflow.WorkflowContractTests.test_git_configuration_hooks_aliases_and_transports_are_closed) ... ok
test_history_objects_reports_and_output_are_bounded (tests.test_adr_assignment_workflow.WorkflowContractTests.test_history_objects_reports_and_output_are_bounded) ... ok
test_object_ceilings_bound_the_candidate_delta_not_the_base_history (tests.test_adr_assignment_workflow.WorkflowContractTests.test_object_ceilings_bound_the_candidate_delta_not_the_base_history) ... ok
test_only_the_exact_base_policy_is_checked_out (tests.test_adr_assignment_workflow.WorkflowContractTests.test_only_the_exact_base_policy_is_checked_out) ... ok
test_permissions_are_least_privilege (tests.test_adr_assignment_workflow.WorkflowContractTests.test_permissions_are_least_privilege) ... ok
test_python_runtime_is_pinned_from_the_base (tests.test_adr_assignment_workflow.WorkflowContractTests.test_python_runtime_is_pinned_from_the_base) ... ok
test_report_is_planned_replayed_and_bound_to_head_tree_and_trailers (tests.test_adr_assignment_workflow.WorkflowContractTests.test_report_is_planned_replayed_and_bound_to_head_tree_and_trailers) ... ok
test_status_is_pending_then_terminal_on_only_the_exact_head (tests.test_adr_assignment_workflow.WorkflowContractTests.test_status_is_pending_then_terminal_on_only_the_exact_head) ... ok
test_trigger_job_and_context_are_stable (tests.test_adr_assignment_workflow.WorkflowContractTests.test_trigger_job_and_context_are_stable) ... ok
test_active_two_parent_assignment_sync_is_accepted (tests.test_adr_assignment_workflow.WorkflowExecutionTests.test_active_two_parent_assignment_sync_is_accepted) ... ok
test_amending_a_numbered_record_has_no_assignment (tests.test_adr_assignment_workflow.WorkflowExecutionTests.test_amending_a_numbered_record_has_no_assignment)
An in-place amendment assigns no number, so it demands no trailers. ... ok
test_assignment_trailers_must_be_the_terminal_block (tests.test_adr_assignment_workflow.WorkflowExecutionTests.test_assignment_trailers_must_be_the_terminal_block) ... ok
test_malformed_assignment_trailers_refuse (tests.test_adr_assignment_workflow.WorkflowExecutionTests.test_malformed_assignment_trailers_refuse) ... ok
test_malformed_final_path_is_a_fixed_refusal (tests.test_adr_assignment_workflow.WorkflowExecutionTests.test_malformed_final_path_is_a_fixed_refusal) ... ok
test_moved_head_is_a_fixed_refusal (tests.test_adr_assignment_workflow.WorkflowExecutionTests.test_moved_head_is_a_fixed_refusal) ... ok
test_non_decision_change_has_no_assignment (tests.test_adr_assignment_workflow.WorkflowExecutionTests.test_non_decision_change_has_no_assignment) ... ok
test_object_ceiling_admits_a_candidate_whose_base_history_exceeds_it (tests.test_adr_assignment_workflow.WorkflowExecutionTests.test_object_ceiling_admits_a_candidate_whose_base_history_exceeds_it) ... ok
test_preexisting_repository_symlink_is_a_fixed_refusal (tests.test_adr_assignment_workflow.WorkflowExecutionTests.test_preexisting_repository_symlink_is_a_fixed_refusal) ... ok
test_runner_global_hooks_stay_inert_and_the_isolation_is_causal (tests.test_adr_assignment_workflow.WorkflowExecutionTests.test_runner_global_hooks_stay_inert_and_the_isolation_is_causal) ... ok
test_safe_assignment_accepts_while_candidate_script_and_filter_stay_inert (tests.test_adr_assignment_workflow.WorkflowExecutionTests.test_safe_assignment_accepts_while_candidate_script_and_filter_stay_inert) ... ok
test_stale_base_is_a_fixed_refusal (tests.test_adr_assignment_workflow.WorkflowExecutionTests.test_stale_base_is_a_fixed_refusal) ... ok
test_the_public_set_runs_and_is_asserted_against_its_ledgers (tests.test_demonstrations.RunnerReportTests.test_the_public_set_runs_and_is_asserted_against_its_ledgers) ... ok
test_every_card_binds_a_record_the_public_set_reproduces (tests.test_joined_front_door.PublicSetAgainstItsCardsTests.test_every_card_binds_a_record_the_public_set_reproduces) ... ok

----------------------------------------------------------------------
Ran 33 tests in 50.691s

OK
