test_empty_path_exposes_only_the_selected_tool_launchers (test_fixture_tools.NativeSigningFixtureTests.test_empty_path_exposes_only_the_selected_tool_launchers) ... ok
test_exception_restores_absent_path_and_removes_launchers (test_fixture_tools.NativeSigningFixtureTests.test_exception_restores_absent_path_and_removes_launchers) ... ok
test_real_signature_verifies_and_changed_bytes_refuse (test_fixture_tools.NativeSigningFixtureTests.test_real_signature_verifies_and_changed_bytes_refuse) ... ok
test_required_tool_absence_fails_without_changing_environment (test_fixture_tools.NativeSigningFixtureTests.test_required_tool_absence_fails_without_changing_environment) ... ok
test_success_restores_environment_and_removes_launchers (test_fixture_tools.NativeSigningFixtureTests.test_success_restores_environment_and_removes_launchers) ... ok
test_tool_selection_ignores_an_untrusted_path (test_fixture_tools.NativeSigningFixtureTests.test_tool_selection_ignores_an_untrusted_path) ... ok
test_a_fifo_swapped_in_at_leaf_open_refuses_without_blocking (test_known_failure_inventory.KnownFailureInventoryTests.test_a_fifo_swapped_in_at_leaf_open_refuses_without_blocking) ... ok
test_clean_capture_is_closed_canonical_and_assignment_ordered (test_known_failure_inventory.KnownFailureInventoryTests.test_clean_capture_is_closed_canonical_and_assignment_ordered) ... ok
test_cli_refuses_absent_surfaces_with_nonempty_expected_ids (test_known_failure_inventory.KnownFailureInventoryTests.test_cli_refuses_absent_surfaces_with_nonempty_expected_ids) ... ok
test_command_substitution_is_not_a_portable_runner_path (test_known_failure_inventory.KnownFailureInventoryTests.test_command_substitution_is_not_a_portable_runner_path) ... ok
test_commands_bind_the_reporter_case_and_declared_green_path (test_known_failure_inventory.KnownFailureInventoryTests.test_commands_bind_the_reporter_case_and_declared_green_path) ... ok
test_committed_study_fixture_and_exact_checker_command_have_parity (test_known_failure_inventory.KnownFailureInventoryTests.test_committed_study_fixture_and_exact_checker_command_have_parity) ... ok
test_duplicate_keys_malformed_json_and_excessive_depth_refuse (test_known_failure_inventory.KnownFailureInventoryTests.test_duplicate_keys_malformed_json_and_excessive_depth_refuse) ... ok
test_each_finding_is_assigned_to_one_real_runbook_step (test_known_failure_inventory.KnownFailureInventoryTests.test_each_finding_is_assigned_to_one_real_runbook_step) ... ok
test_empty_inventory_requires_the_closed_digest_bound_claim (test_known_failure_inventory.KnownFailureInventoryTests.test_empty_inventory_requires_the_closed_digest_bound_claim) ... ok
test_exactly_one_closed_inventory_fence_is_required (test_known_failure_inventory.KnownFailureInventoryTests.test_exactly_one_closed_inventory_fence_is_required) ... ok
test_final_exit_generation_never_falls_back (test_known_failure_inventory.KnownFailureInventoryTests.test_final_exit_generation_never_falls_back) ... ok
test_finding_and_guard_path_caps_refuse_the_unchecked_tail (test_known_failure_inventory.KnownFailureInventoryTests.test_finding_and_guard_path_caps_refuse_the_unchecked_tail) ... ok
test_finding_ids_are_well_formed_and_unique (test_known_failure_inventory.KnownFailureInventoryTests.test_finding_ids_are_well_formed_and_unique) ... ok
test_guard_paths_are_nonempty_unique_portable_and_confined (test_known_failure_inventory.KnownFailureInventoryTests.test_guard_paths_are_nonempty_unique_portable_and_confined) ... ok
test_input_and_source_symlinks_refuse (test_known_failure_inventory.KnownFailureInventoryTests.test_input_and_source_symlinks_refuse) ... ok
test_kf_453_01_closed_inventory_is_source_bound (test_known_failure_inventory.KnownFailureInventoryTests.test_kf_453_01_closed_inventory_is_source_bound) ... ok
test_loader_distinguishes_absence_refusal_and_clean_capture (test_known_failure_inventory.KnownFailureInventoryTests.test_loader_distinguishes_absence_refusal_and_clean_capture) ... ok
test_locked_exit_generation_map_refuses_drift_but_not_reordering (test_known_failure_inventory.KnownFailureInventoryTests.test_locked_exit_generation_map_refuses_drift_but_not_reordering) ... ok
test_nonempty_findings_require_a_null_no_findings_claim (test_known_failure_inventory.KnownFailureInventoryTests.test_nonempty_findings_require_a_null_no_findings_claim) ... ok
test_only_exact_visible_assignment_lines_are_authoritative (test_known_failure_inventory.KnownFailureInventoryTests.test_only_exact_visible_assignment_lines_are_authoritative) ... ok
test_only_the_final_complete_exit_generation_is_active (test_known_failure_inventory.KnownFailureInventoryTests.test_only_the_final_complete_exit_generation_is_active) ... ok
test_receipted_empty_then_locked_exit_generation_history_is_clean (test_known_failure_inventory.KnownFailureInventoryTests.test_receipted_empty_then_locked_exit_generation_history_is_clean) ... ok
test_records_outside_exit_generations_remain_active_and_fail_closed (test_known_failure_inventory.KnownFailureInventoryTests.test_records_outside_exit_generations_remain_active_and_fail_closed) ... ok
test_report_and_green_paths_are_unique_across_the_inventory (test_known_failure_inventory.KnownFailureInventoryTests.test_report_and_green_paths_are_unique_across_the_inventory) ... ok
test_report_contract_and_green_command_are_closed (test_known_failure_inventory.KnownFailureInventoryTests.test_report_contract_and_green_command_are_closed) ... ok
test_reporter_refuses_a_different_cwd_even_with_copied_surface (test_known_failure_inventory.KnownFailureInventoryTests.test_reporter_refuses_a_different_cwd_even_with_copied_surface) ... ok
test_reporter_refuses_nonpositive_or_nonordinary_results (test_known_failure_inventory.KnownFailureInventoryTests.test_reporter_refuses_nonpositive_or_nonordinary_results) ... ok
test_secure_read_primitives_are_required (test_known_failure_inventory.KnownFailureInventoryTests.test_secure_read_primitives_are_required) ... ok
test_source_and_view_digest_drift_refuse_separately (test_known_failure_inventory.KnownFailureInventoryTests.test_source_and_view_digest_drift_refuse_separately) ... ok
test_source_and_view_replacement_at_the_final_boundary_refuse (test_known_failure_inventory.KnownFailureInventoryTests.test_source_and_view_replacement_at_the_final_boundary_refuse) ... ok
test_source_ref_and_finding_shape_are_closed (test_known_failure_inventory.KnownFailureInventoryTests.test_source_ref_and_finding_shape_are_closed) ... ok
test_source_view_paths_are_portable_and_confined (test_known_failure_inventory.KnownFailureInventoryTests.test_source_view_paths_are_portable_and_confined) ... ok
test_source_view_shape_ids_paths_and_digests_are_closed (test_known_failure_inventory.KnownFailureInventoryTests.test_source_view_shape_ids_paths_and_digests_are_closed) ... ok
test_study_and_runbook_replacement_at_the_final_boundary_refuse (test_known_failure_inventory.KnownFailureInventoryTests.test_study_and_runbook_replacement_at_the_final_boundary_refuse) ... ok
test_study_prose_tick_tolerance_never_masks_inventory_structure (test_known_failure_inventory.KnownFailureInventoryTests.test_study_prose_tick_tolerance_never_masks_inventory_structure) ... ok
test_synopsis_header_uses_commonmark_physical_lines (test_known_failure_inventory.KnownFailureInventoryTests.test_synopsis_header_uses_commonmark_physical_lines) ... ok
test_test_command_has_one_exact_report_argument (test_known_failure_inventory.KnownFailureInventoryTests.test_test_command_has_one_exact_report_argument) ... ok
test_the_whole_finding_id_set_is_independent_and_exact (test_known_failure_inventory.KnownFailureInventoryTests.test_the_whole_finding_id_set_is_independent_and_exact) ... ok
test_top_level_shape_and_schema_are_closed (test_known_failure_inventory.KnownFailureInventoryTests.test_top_level_shape_and_schema_are_closed) ... ok
test_unreadable_or_oversized_inputs_refuse (test_known_failure_inventory.KnownFailureInventoryTests.test_unreadable_or_oversized_inputs_refuse) ... ok
test_altered_candidate_tree_refuses (test_fiat_decision_assignments.FiatDecisionAssignmentTests.test_altered_candidate_tree_refuses) ... ok
test_base_ref_movement_after_policy_replay_refuses (test_fiat_decision_assignments.FiatDecisionAssignmentTests.test_base_ref_movement_after_policy_replay_refuses) ... ok
test_canonical_receipt_replays_after_recovery_round_trip (test_fiat_decision_assignments.FiatDecisionAssignmentTests.test_canonical_receipt_replays_after_recovery_round_trip) ... ok
test_complete_supersession_history_reaches_receipt_replay (test_fiat_decision_assignments.FiatDecisionAssignmentTests.test_complete_supersession_history_reaches_receipt_replay) ... ok
test_dirty_worktree_refuses_without_mutation (test_fiat_decision_assignments.FiatDecisionAssignmentTests.test_dirty_worktree_refuses_without_mutation) ... ok
test_every_superseded_assignment_is_excluded_from_active_ancestry (test_fiat_decision_assignments.FiatDecisionAssignmentTests.test_every_superseded_assignment_is_excluded_from_active_ancestry) ... ok
test_exact_report_candidate_and_ordered_trailers_are_receipted (test_fiat_decision_assignments.FiatDecisionAssignmentTests.test_exact_report_candidate_and_ordered_trailers_are_receipted) ... ok
test_extra_assignment_trailer_refuses (test_fiat_decision_assignments.FiatDecisionAssignmentTests.test_extra_assignment_trailer_refuses) ... ok
test_filter_added_after_preflight_cannot_execute_during_status (test_fiat_decision_assignments.FiatDecisionAssignmentTests.test_filter_added_after_preflight_cannot_execute_during_status) ... ok
test_local_clean_filter_refuses_before_worktree_observation (test_fiat_decision_assignments.FiatDecisionAssignmentTests.test_local_clean_filter_refuses_before_worktree_observation) ... ok
test_mismatched_input_blob_refuses (test_fiat_decision_assignments.FiatDecisionAssignmentTests.test_mismatched_input_blob_refuses) ... ok
test_mismatched_output_blob_refuses (test_fiat_decision_assignments.FiatDecisionAssignmentTests.test_mismatched_output_blob_refuses) ... ok
test_moved_candidate_ref_refuses (test_fiat_decision_assignments.FiatDecisionAssignmentTests.test_moved_candidate_ref_refuses) ... ok
test_partial_receipt_refuses_replay (test_fiat_decision_assignments.FiatDecisionAssignmentTests.test_partial_receipt_refuses_replay) ... ok
test_read_only_command_is_exposed (test_fiat_decision_assignments.FiatDecisionAssignmentTests.test_read_only_command_is_exposed) ... ok
test_read_only_command_requires_candidate_ref (test_fiat_decision_assignments.FiatDecisionAssignmentTests.test_read_only_command_requires_candidate_ref) ... usage: hexctl verify-decision-assignments [-h] --report REPORT
                                          --candidate CANDIDATE
                                          --candidate-ref CANDIDATE_REF
hexctl verify-decision-assignments: error: the following arguments are required: --candidate-ref
ok
test_recovery_replays_policy_without_requiring_the_mutable_base_ref (test_fiat_decision_assignments.FiatDecisionAssignmentTests.test_recovery_replays_policy_without_requiring_the_mutable_base_ref) ... ok
test_replacement_assignment_may_be_a_sibling (test_fiat_decision_assignments.FiatDecisionAssignmentTests.test_replacement_assignment_may_be_a_sibling) ... ok
test_repository_without_clean_filters_still_verifies (test_fiat_decision_assignments.FiatDecisionAssignmentTests.test_repository_without_clean_filters_still_verifies) ... ok
test_stale_base_ref_refuses_before_a_receipt (test_fiat_decision_assignments.FiatDecisionAssignmentTests.test_stale_base_ref_refuses_before_a_receipt) ... ok
test_superseded_assignment_cannot_remain_in_active_ancestry (test_fiat_decision_assignments.FiatDecisionAssignmentTests.test_superseded_assignment_cannot_remain_in_active_ancestry) ... ok
test_unordered_assignment_trailers_refuse (test_fiat_decision_assignments.FiatDecisionAssignmentTests.test_unordered_assignment_trailers_refuse) ... ok
test_unsigned_candidate_refuses (test_fiat_decision_assignments.FiatDecisionAssignmentTests.test_unsigned_candidate_refuses) ... ok
test_worktree_clean_filter_refuses_before_worktree_observation (test_fiat_decision_assignments.FiatDecisionAssignmentTests.test_worktree_clean_filter_refuses_before_worktree_observation) ... ok
test_555_collision_topology_requires_signed_sync_before_resolution (test_version_relations.VersionRelationTests.test_555_collision_topology_requires_signed_sync_before_resolution) ... ok
test_active_resolution_refuses_stale_head_evidence (test_version_relations.VersionRelationTests.test_active_resolution_refuses_stale_head_evidence) ... ok
test_anchor_derivation_refuses_history_that_turns_shallow_mid_read (test_version_relations.VersionRelationTests.test_anchor_derivation_refuses_history_that_turns_shallow_mid_read) ... ok
test_base_rewind_cannot_move_the_pinned_anchor (test_version_relations.VersionRelationTests.test_base_rewind_cannot_move_the_pinned_anchor) ... ok
test_base_rewind_refuses_a_legacy_branch_based_anchor (test_version_relations.VersionRelationTests.test_base_rewind_refuses_a_legacy_branch_based_anchor) ... ok
test_blob_replacements_cannot_substitute_anchor_bytes (test_version_relations.VersionRelationTests.test_blob_replacements_cannot_substitute_anchor_bytes) ... ok
test_body_example_cannot_stand_in_for_frontmatter_metadata (test_version_relations.VersionRelationTests.test_body_example_cannot_stand_in_for_frontmatter_metadata) ... ok
test_build_resolution_refuses_a_base_ref_change_around_reads (test_version_relations.VersionRelationTests.test_build_resolution_refuses_a_base_ref_change_around_reads) ... ok
test_build_resolution_refuses_a_run_ref_change_around_reads (test_version_relations.VersionRelationTests.test_build_resolution_refuses_a_run_ref_change_around_reads) ... ok
test_build_resolution_uses_one_stable_base_and_run_snapshot (test_version_relations.VersionRelationTests.test_build_resolution_uses_one_stable_base_and_run_snapshot) ... ok
test_commit_replacement_cannot_substitute_anchor_tree (test_version_relations.VersionRelationTests.test_commit_replacement_cannot_substitute_anchor_tree) ... ok
test_decimal_limit_is_independent_of_python_startup_policy (test_version_relations.VersionRelationTests.test_decimal_limit_is_independent_of_python_startup_policy) ... ok
test_done_resolve_versions_records_one_atomic_event_without_product_edit (test_version_relations.VersionRelationTests.test_done_resolve_versions_records_one_atomic_event_without_product_edit) ... ok
test_durable_resolution_clears_pending_before_live_evidence_reread (test_version_relations.VersionRelationTests.test_durable_resolution_clears_pending_before_live_evidence_reread) ... ok
test_each_non_generation_compatibility_field_blocks_resolution (test_version_relations.VersionRelationTests.test_each_non_generation_compatibility_field_blocks_resolution) ... ok
test_evolution_recovery_declaration_is_exact_and_bounded (test_version_relations.VersionRelationTests.test_evolution_recovery_declaration_is_exact_and_bounded) ... ok
test_evolution_recovery_does_not_admit_epoch_changes (test_version_relations.VersionRelationTests.test_evolution_recovery_does_not_admit_epoch_changes) ... ok
test_evolution_recovery_keeps_original_anchor_and_current_frontier (test_version_relations.VersionRelationTests.test_evolution_recovery_keeps_original_anchor_and_current_frontier) ... ok
test_evolution_recovery_receipt_round_trip_keeps_operator_and_original_anchor (test_version_relations.VersionRelationTests.test_evolution_recovery_receipt_round_trip_keeps_operator_and_original_anchor) ... ok
test_exact_resolution_retry_is_idempotent (test_version_relations.VersionRelationTests.test_exact_resolution_retry_is_idempotent) ... ok
test_gitlink_ledger_object_is_refused (test_version_relations.VersionRelationTests.test_gitlink_ledger_object_is_refused) ... ok
test_grafted_branch_history_refuses_anchor_derivation (test_version_relations.VersionRelationTests.test_grafted_branch_history_refuses_anchor_derivation) ... ok
test_interruption_after_ledger_event_retries_once (test_version_relations.VersionRelationTests.test_interruption_after_ledger_event_retries_once) ... ok
test_interruption_after_pending_marker_retries_once (test_version_relations.VersionRelationTests.test_interruption_after_pending_marker_retries_once) ... ok
test_interruption_after_state_replacement_clears_once (test_version_relations.VersionRelationTests.test_interruption_after_state_replacement_clears_once) ... ok
test_leading_zero_counters_are_not_canonical_labels (test_version_relations.VersionRelationTests.test_leading_zero_counters_are_not_canonical_labels) ... ok
test_ledger_and_skill_metadata_mismatch_refuses_without_partial_state (test_version_relations.VersionRelationTests.test_ledger_and_skill_metadata_mismatch_refuses_without_partial_state) ... ok
test_literal_only_run_cannot_manufacture_a_resolution_receipt (test_version_relations.VersionRelationTests.test_literal_only_run_cannot_manufacture_a_resolution_receipt) ... ok
test_malformed_stored_anchor_refuses_status_next_and_verify (test_version_relations.VersionRelationTests.test_malformed_stored_anchor_refuses_status_next_and_verify) ... ok
test_missing_ledger_object_is_refused_content_free (test_version_relations.VersionRelationTests.test_missing_ledger_object_is_refused_content_free) ... ok
test_native_resolution_signature_ignores_repository_verifier_config (test_version_relations.VersionRelationTests.test_native_resolution_signature_ignores_repository_verifier_config) ... ok
test_next_carries_only_the_active_current_resolution (test_version_relations.VersionRelationTests.test_next_carries_only_the_active_current_resolution) ... ok
test_next_withholds_integration_until_a_resolution_exists (test_version_relations.VersionRelationTests.test_next_withholds_integration_until_a_resolution_exists) ... ok
test_no_block_init_does_not_require_native_reflogs (test_version_relations.VersionRelationTests.test_no_block_init_does_not_require_native_reflogs) ... ok
test_no_block_performs_no_git_version_read (test_version_relations.VersionRelationTests.test_no_block_performs_no_git_version_read) ... ok
test_no_block_preserves_the_legacy_receipt_and_packet_shape (test_version_relations.VersionRelationTests.test_no_block_preserves_the_legacy_receipt_and_packet_shape) ... ok
test_non_utf8_ledger_object_is_refused (test_version_relations.VersionRelationTests.test_non_utf8_ledger_object_is_refused) ... ok
test_one_bad_target_refuses_the_whole_capture (test_version_relations.VersionRelationTests.test_one_bad_target_refuses_the_whole_capture) ... ok
test_one_target_captures_every_anchor_field_without_reserving (test_version_relations.VersionRelationTests.test_one_target_captures_every_anchor_field_without_reserving) ... ok
test_oversized_ledger_object_is_refused_before_parsing (test_version_relations.VersionRelationTests.test_oversized_ledger_object_is_refused_before_parsing) ... ok
test_parser_admits_the_version_resolution_receipt (test_version_relations.VersionRelationTests.test_parser_admits_the_version_resolution_receipt) ... ok
test_partial_target_coverage_captures_only_the_declared_skill (test_version_relations.VersionRelationTests.test_partial_target_coverage_captures_only_the_declared_skill) ... ok
test_pending_resolution_after_ledger_completes_state_once (test_version_relations.VersionRelationTests.test_pending_resolution_after_ledger_completes_state_once) ... ok
test_pending_resolution_after_state_only_clears_the_marker (test_version_relations.VersionRelationTests.test_pending_resolution_after_state_only_clears_the_marker) ... ok
test_pending_resolution_before_ledger_rolls_back_once (test_version_relations.VersionRelationTests.test_pending_resolution_before_ledger_rolls_back_once) ... ok
test_pending_resolution_loads_the_maximum_target_shape (test_version_relations.VersionRelationTests.test_pending_resolution_loads_the_maximum_target_shape) ... ok
test_pending_resolution_refuses_an_unrelated_ledger_tail (test_version_relations.VersionRelationTests.test_pending_resolution_refuses_an_unrelated_ledger_tail) ... ok
test_pending_resolution_refuses_changed_evidence (test_version_relations.VersionRelationTests.test_pending_resolution_refuses_changed_evidence) ... ok
test_pending_write_failure_leaves_state_and_ledger_unchanged (test_version_relations.VersionRelationTests.test_pending_write_failure_leaves_state_and_ledger_unchanged) ... ok
test_projection_increments_generation_without_semver_reset (test_version_relations.VersionRelationTests.test_projection_increments_generation_without_semver_reset) ... ok
test_projection_refuses_an_unrepresentable_generation_successor (test_version_relations.VersionRelationTests.test_projection_refuses_an_unrepresentable_generation_successor) ... ok
test_quoted_duplicate_frontmatter_name_is_ambiguous (test_version_relations.VersionRelationTests.test_quoted_duplicate_frontmatter_name_is_ambiguous) ... ok
test_quoted_duplicate_metadata_version_is_ambiguous (test_version_relations.VersionRelationTests.test_quoted_duplicate_metadata_version_is_ambiguous) ... ok
test_relation_anchor_does_not_require_native_reflogs (test_version_relations.VersionRelationTests.test_relation_anchor_does_not_require_native_reflogs) ... ok
test_relation_failure_does_not_echo_the_controlled_target_id (test_version_relations.VersionRelationTests.test_relation_failure_does_not_echo_the_controlled_target_id) ... ok
test_relation_git_environment_cannot_redirect_anchor_repository (test_version_relations.VersionRelationTests.test_relation_git_environment_cannot_redirect_anchor_repository) ... ok
test_relation_git_ignores_alternate_object_environment (test_version_relations.VersionRelationTests.test_relation_git_ignores_alternate_object_environment) ... ok
test_relation_packet_and_status_label_anchor_and_projection (test_version_relations.VersionRelationTests.test_relation_packet_and_status_label_anchor_and_projection) ... ok
test_replay_refuses_history_that_turns_shallow_mid_read (test_version_relations.VersionRelationTests.test_replay_refuses_history_that_turns_shallow_mid_read) ... ok
test_replay_refuses_post_receipt_repository_alternate (test_version_relations.VersionRelationTests.test_replay_refuses_post_receipt_repository_alternate) ... ok
test_replay_refuses_post_receipt_shallow_history (test_version_relations.VersionRelationTests.test_replay_refuses_post_receipt_shallow_history) ... ok
test_replay_refuses_tree_typed_anchor_commit (test_version_relations.VersionRelationTests.test_replay_refuses_tree_typed_anchor_commit) ... ok
test_repository_alternate_object_store_refuses_anchor_capture (test_version_relations.VersionRelationTests.test_repository_alternate_object_store_refuses_anchor_capture) ... ok
test_resolution_accepts_one_compatible_generation_drift (test_version_relations.VersionRelationTests.test_resolution_accepts_one_compatible_generation_drift) ... ok
test_resolution_accepts_only_a_signed_covered_product_base_sync (test_version_relations.VersionRelationTests.test_resolution_accepts_only_a_signed_covered_product_base_sync) ... ok
test_resolution_accepts_several_compatible_generations (test_version_relations.VersionRelationTests.test_resolution_accepts_several_compatible_generations) ... ok
test_resolution_accepts_the_maximum_representable_generation (test_version_relations.VersionRelationTests.test_resolution_accepts_the_maximum_representable_generation) ... ok
test_resolution_accepts_zero_compatible_generation_drift (test_version_relations.VersionRelationTests.test_resolution_accepts_zero_compatible_generation_drift) ... ok
test_resolution_history_enforces_evolution_and_epoch_digest_rules (test_version_relations.VersionRelationTests.test_resolution_history_enforces_evolution_and_epoch_digest_rules) ... ok
test_resolution_history_retains_eight_and_refuses_a_ninth (test_version_relations.VersionRelationTests.test_resolution_history_retains_eight_and_refuses_a_ninth) ... ok
test_resolution_path_proof_disables_repository_rename_detection (test_version_relations.VersionRelationTests.test_resolution_path_proof_disables_repository_rename_detection) ... ok
test_resolution_path_proof_disables_repository_submodule_ignores (test_version_relations.VersionRelationTests.test_resolution_path_proof_disables_repository_submodule_ignores) ... ok
test_resolution_refuses_a_generation_row_inside_a_fenced_specimen (test_version_relations.VersionRelationTests.test_resolution_refuses_a_generation_row_inside_a_fenced_specimen) ... ok
test_resolution_refuses_a_rewritten_base_history_prefix (test_version_relations.VersionRelationTests.test_resolution_refuses_a_rewritten_base_history_prefix) ... ok
test_resolution_refuses_candidate_metadata_without_the_row (test_version_relations.VersionRelationTests.test_resolution_refuses_candidate_metadata_without_the_row) ... ok
test_resolution_refuses_missing_and_oversized_candidate_objects (test_version_relations.VersionRelationTests.test_resolution_refuses_missing_and_oversized_candidate_objects) ... ok
test_resolution_remote_reads_ignore_inherited_git_repository (test_version_relations.VersionRelationTests.test_resolution_remote_reads_ignore_inherited_git_repository) ... ok
test_resolution_state_and_ledger_shapes_are_closed_and_joined (test_version_relations.VersionRelationTests.test_resolution_state_and_ledger_shapes_are_closed_and_joined) ... ok
test_resolution_sync_refuses_missing_path_or_green_check_coverage (test_version_relations.VersionRelationTests.test_resolution_sync_refuses_missing_path_or_green_check_coverage) ... ok
test_resolution_sync_refuses_nested_revalidation_paths (test_version_relations.VersionRelationTests.test_resolution_sync_refuses_nested_revalidation_paths) ... ok
test_resolution_sync_refuses_parent_and_signature_faults (test_version_relations.VersionRelationTests.test_resolution_sync_refuses_parent_and_signature_faults) ... ok
test_resolution_sync_replay_requires_closed_stored_shapes (test_version_relations.VersionRelationTests.test_resolution_sync_replay_requires_closed_stored_shapes) ... ok
test_resolution_sync_replay_requires_every_affected_path_covered (test_version_relations.VersionRelationTests.test_resolution_sync_replay_requires_every_affected_path_covered) ... ok
test_resolution_sync_verifies_the_native_commit_object (test_version_relations.VersionRelationTests.test_resolution_sync_verifies_the_native_commit_object) ... ok
test_run_branch_recreation_cannot_replace_the_pinned_anchor (test_version_relations.VersionRelationTests.test_run_branch_recreation_cannot_replace_the_pinned_anchor) ... ok
test_run_branch_recreation_refuses_a_legacy_branch_based_anchor (test_version_relations.VersionRelationTests.test_run_branch_recreation_refuses_a_legacy_branch_based_anchor) ... ok
test_sha256_repository_anchor_replays_across_packets_and_verify (test_version_relations.VersionRelationTests.test_sha256_repository_anchor_replays_across_packets_and_verify) ... ok
test_shallow_history_refuses_anchor_derivation (test_version_relations.VersionRelationTests.test_shallow_history_refuses_anchor_derivation) ... ok
test_skill_frontmatter_name_must_match_the_relation_target (test_version_relations.VersionRelationTests.test_skill_frontmatter_name_must_match_the_relation_target) ... ok
test_starting_commit_wins_over_later_worktree_and_ref_drift (test_version_relations.VersionRelationTests.test_starting_commit_wins_over_later_worktree_and_ref_drift) ... ok
test_status_distinguishes_active_stale_and_terminal_resolution (test_version_relations.VersionRelationTests.test_status_distinguishes_active_stale_and_terminal_resolution) ... ok
test_surrogate_revision_is_a_bounded_state_refusal (test_version_relations.VersionRelationTests.test_surrogate_revision_is_a_bounded_state_refusal) ... ok
test_symlink_ledger_object_is_refused (test_version_relations.VersionRelationTests.test_symlink_ledger_object_is_refused) ... ok
test_sync_receipt_parent_proof_ignores_git_replacement_objects (test_version_relations.VersionRelationTests.test_sync_receipt_parent_proof_ignores_git_replacement_objects) ... ok
test_sync_receipt_path_proof_ignores_git_replacement_objects (test_version_relations.VersionRelationTests.test_sync_receipt_path_proof_ignores_git_replacement_objects) ... ok
test_sync_receipt_refuses_shallow_history_before_native_path_proof (test_version_relations.VersionRelationTests.test_sync_receipt_refuses_shallow_history_before_native_path_proof) ... ok
test_sync_receipt_remote_proof_ignores_inherited_git_repository (test_version_relations.VersionRelationTests.test_sync_receipt_remote_proof_ignores_inherited_git_repository) ... ok
test_terminal_parent_replay_ignores_git_replacement_objects (test_version_relations.VersionRelationTests.test_terminal_parent_replay_ignores_git_replacement_objects) ... ok
test_terminal_resolution_refuses_a_post_check_base_move (test_version_relations.VersionRelationTests.test_terminal_resolution_refuses_a_post_check_base_move) ... ok
test_terminal_resolution_refuses_wrong_parent_order (test_version_relations.VersionRelationTests.test_terminal_resolution_refuses_wrong_parent_order) ... ok
test_terminal_resolution_replays_exact_base_candidate_parents (test_version_relations.VersionRelationTests.test_terminal_resolution_replays_exact_base_candidate_parents) ... ok
test_tree_ledger_object_is_refused (test_version_relations.VersionRelationTests.test_tree_ledger_object_is_refused) ... ok
test_two_target_resolution_is_all_or_nothing_and_skill_sorted (test_version_relations.VersionRelationTests.test_two_target_resolution_is_all_or_nothing_and_skill_sorted) ... ok
test_two_targets_are_atomic_and_sorted_not_source_ordered (test_version_relations.VersionRelationTests.test_two_targets_are_atomic_and_sorted_not_source_ordered) ... ok
test_unbounded_decimal_label_refuses_instead_of_raising (test_version_relations.VersionRelationTests.test_unbounded_decimal_label_refuses_instead_of_raising) ... ok
test_unsafe_relation_path_is_not_treated_as_legacy (test_version_relations.VersionRelationTests.test_unsafe_relation_path_is_not_treated_as_legacy) ... ok
test_warden_and_scribe_packets_reconstruct_the_same_anchor (test_version_relations.VersionRelationTests.test_warden_and_scribe_packets_reconstruct_the_same_anchor) ... ok
test_yaml_equivalent_protected_keys_are_ambiguous (test_version_relations.VersionRelationTests.test_yaml_equivalent_protected_keys_are_ambiguous) ... ok
test_composed_signed_tree_capsule_export_and_receipt_replay (test_carryover.ExhaustedReceiptTests.test_composed_signed_tree_capsule_export_and_receipt_replay) ... ok
test_round_eight_export_records_without_closing_or_changing_base (test_carryover.ExhaustedReceiptTests.test_round_eight_export_records_without_closing_or_changing_base) ... ok
test_lifecycle_decorators_dispatch_and_observer_mutation_refuse (test_carryover.InoculationBodyTests.test_lifecycle_decorators_dispatch_and_observer_mutation_refuse) ... ok
test_same_preserved_behavior_guard_fails_broken_computation (test_carryover.InoculationBodyTests.test_same_preserved_behavior_guard_fails_broken_computation) ... ok
test_unimported_and_other_module_functions_cannot_supply_lexical_names (test_carryover.InoculationBodyTests.test_unimported_and_other_module_functions_cannot_supply_lexical_names) ... ok
test_unsafe_dependency_defaults_and_import_substitution_refuse (test_carryover.InoculationBodyTests.test_unsafe_dependency_defaults_and_import_substitution_refuse) ... ok
test_untaken_assertion_and_discovery_do_not_count_as_pass (test_carryover.InoculationBodyTests.test_untaken_assertion_and_discovery_do_not_count_as_pass) ... ok
test_complete_diff_preserves_bytes_deletions_and_modes (test_carryover.NativePayloadTests.test_complete_diff_preserves_bytes_deletions_and_modes) ... ok
test_moved_native_ref_cannot_inherit_archived_commit (test_carryover.NativePayloadTests.test_moved_native_ref_cannot_inherit_archived_commit) ... ok
test_restoration_equal_to_new_base_replaces_prior_deletion (test_carryover.NativePayloadTests.test_restoration_equal_to_new_base_replaces_prior_deletion) ... ok
test_size_is_checked_before_blob_read (test_carryover.NativePayloadTests.test_size_is_checked_before_blob_read) ... ok
test_symlink_modes_refuse (test_carryover.NativePayloadTests.test_symlink_modes_refuse) ... ok
test_unsigned_fixed_commit_refuses_native_verifier (test_carryover.NativePayloadTests.test_unsigned_fixed_commit_refuses_native_verifier) ... hexctl: error: fixture commit 42736ca0ea7cae071369e8ddf4c9a5e94e018ba3 has no valid native local signature
ok
test_access_time_alone_does_not_change_content_identity (test_carryover.PacketBoundaryTests.test_access_time_alone_does_not_change_content_identity) ... ok
test_aggregate_blob_budget_counts_repeated_payload (test_carryover.PacketBoundaryTests.test_aggregate_blob_budget_counts_repeated_payload) ... ok
test_archive_aliases_refuse_before_materialization (test_carryover.PacketBoundaryTests.test_archive_aliases_refuse_before_materialization) ... ok
test_attachment_readback_checks_bytes_and_refuses_redirects (test_carryover.PacketBoundaryTests.test_attachment_readback_checks_bytes_and_refuses_redirects) ... ok
test_attachment_transport_limit_is_distinct (test_carryover.PacketBoundaryTests.test_attachment_transport_limit_is_distinct) ... ok
test_content_mutation_during_read_still_refuses (test_carryover.PacketBoundaryTests.test_content_mutation_during_read_still_refuses) ... ok
test_cumulative_prefix_and_omission_checks (test_carryover.PacketBoundaryTests.test_cumulative_prefix_and_omission_checks) ... ok
test_deadline_is_shared_across_redirect_hops (test_carryover.PacketBoundaryTests.test_deadline_is_shared_across_redirect_hops) ... ok
test_duplicate_keys_and_non_json_scalars_refuse (test_carryover.PacketBoundaryTests.test_duplicate_keys_and_non_json_scalars_refuse) ... ok
test_encoded_and_decoded_budgets_refuse_before_decode (test_carryover.PacketBoundaryTests.test_encoded_and_decoded_budgets_refuse_before_decode) ... ok
test_escaped_pipe_parity_does_not_shift_declared_identities (test_carryover.PacketBoundaryTests.test_escaped_pipe_parity_does_not_shift_declared_identities) ... ok
test_explicit_guard_and_family_columns_are_custody_not_execution (test_carryover.PacketBoundaryTests.test_explicit_guard_and_family_columns_are_custody_not_execution) ... ok
test_four_pass_prefixes_preserve_every_source_and_occurrence (test_carryover.PacketBoundaryTests.test_four_pass_prefixes_preserve_every_source_and_occurrence) ... ok
test_github_asset_redirect_preserves_exact_public_packet_identity (test_carryover.PacketBoundaryTests.test_github_asset_redirect_preserves_exact_public_packet_identity) ... ok
test_legacy_missing_evidence_stays_unknown_without_invented_rows (test_carryover.PacketBoundaryTests.test_legacy_missing_evidence_stays_unknown_without_invented_rows) ... ok
test_occupied_output_recovers_to_new_destination_without_cleanup (test_carryover.PacketBoundaryTests.test_occupied_output_recovers_to_new_destination_without_cleanup) ... ok
test_paths_refuse_metadata_aliases_and_collisions (test_carryover.PacketBoundaryTests.test_paths_refuse_metadata_aliases_and_collisions) ... ok
test_prior_payload_reserves_final_copy_before_archive_reads (test_carryover.PacketBoundaryTests.test_prior_payload_reserves_final_copy_before_archive_reads) ... ok
test_publish_never_overwrites_existing_destination (test_carryover.PacketBoundaryTests.test_publish_never_overwrites_existing_destination) ... ok
test_raw_cap_precedes_json_parser (test_carryover.PacketBoundaryTests.test_raw_cap_precedes_json_parser) ... ok
test_redirects_refuse_other_hosts_credentials_ports_and_extra_hops (test_carryover.PacketBoundaryTests.test_redirects_refuse_other_hosts_credentials_ports_and_extra_hops) ... ok
test_sequence_and_attachment_identity_are_checked (test_carryover.PacketBoundaryTests.test_sequence_and_attachment_identity_are_checked) ... ok
test_symlink_hardlink_and_fifo_are_never_read (test_carryover.PacketBoundaryTests.test_symlink_hardlink_and_fifo_are_never_read) ... ok
test_zero_sentinel_is_not_a_finding_and_duplicates_survive (test_carryover.PacketBoundaryTests.test_zero_sentinel_is_not_a_finding_and_duplicates_survive) ... ok
test_independent_destination_created_after_displacement_is_never_overwritten (test_carryover.PromotionCustodyTests.test_independent_destination_created_after_displacement_is_never_overwritten) ... ok
test_independent_edit_after_preimage_check_is_preserved_and_refused (test_carryover.PromotionCustodyTests.test_independent_edit_after_preimage_check_is_preserved_and_refused) ... ok
test_reconstruction_reserves_expanded_payload_before_materialization (test_carryover.PromotionCustodyTests.test_reconstruction_reserves_expanded_payload_before_materialization) ... ok
test_signed_archive_to_native_admission_keeps_fresh_audit_and_pending_recovery (test_carryover.ReplacementAdmissionTests.test_signed_archive_to_native_admission_keeps_fresh_audit_and_pending_recovery) ... ok
test_discovery_skips_and_replaced_bodies_cannot_supply_execution_evidence (test_carryover.ReplacementGuardAdmissionTests.test_discovery_skips_and_replaced_bodies_cannot_supply_execution_evidence) ... ok
test_existing_packet_deletion_retains_null_reconstruction_disposition (test_carryover.ReplacementMappingTests.test_existing_packet_deletion_retains_null_reconstruction_disposition) ... ok
test_native_guard_capture_preserves_complete_input_outside_controller_archive (test_carryover.ReplacementRuntimeTests.test_native_guard_capture_preserves_complete_input_outside_controller_archive) ... ok
test_exhausted_source_to_current_gate_audit_and_integration (test_confined_replacement_lifecycle.ConfinedReplacementLifecycleTests.test_exhausted_source_to_current_gate_audit_and_integration) ... ok
test_checkpoint_measure_reads_the_saved_export_result_and_writes_six_integers (test_hexctl_checkpoint_archive.CheckpointArchiveDemonstrationTests.test_checkpoint_measure_reads_the_saved_export_result_and_writes_six_integers) ... ok
test_clean_machine_script_assembles_the_transcript_schema_from_a_recorded_log (test_hexctl_checkpoint_archive.CheckpointArchiveDemonstrationTests.test_clean_machine_script_assembles_the_transcript_schema_from_a_recorded_log) ... ok
test_archive_bundle_is_built_single_threaded_from_exactly_the_checkpoint_refs (test_hexctl_checkpoint_archive.CheckpointArchiveExportTests.test_archive_bundle_is_built_single_threaded_from_exactly_the_checkpoint_refs) ... ok
test_archive_export_appends_no_ledger_entry_and_reports_timing_stages (test_hexctl_checkpoint_archive.CheckpointArchiveExportTests.test_archive_export_appends_no_ledger_entry_and_reports_timing_stages) ... ok
test_archive_export_is_byte_identical_across_two_exports_and_two_absolute_paths (test_hexctl_checkpoint_archive.CheckpointArchiveExportTests.test_archive_export_is_byte_identical_across_two_exports_and_two_absolute_paths) ... ok
test_archive_export_refuses_dirty_worktree (test_hexctl_checkpoint_archive.CheckpointArchiveExportTests.test_archive_export_refuses_dirty_worktree) ... ok
test_archive_export_refuses_every_unaccepted_boundary (test_hexctl_checkpoint_archive.CheckpointArchiveExportTests.test_archive_export_refuses_every_unaccepted_boundary) ... ok
test_archive_export_refuses_occupied_boundary_directory (test_hexctl_checkpoint_archive.CheckpointArchiveExportTests.test_archive_export_refuses_occupied_boundary_directory) ... ok
test_archive_export_refuses_oversized_bundle (test_hexctl_checkpoint_archive.CheckpointArchiveExportTests.test_archive_export_refuses_oversized_bundle) ... ok
test_archive_export_refuses_ref_disagreement (test_hexctl_checkpoint_archive.CheckpointArchiveExportTests.test_archive_export_refuses_ref_disagreement) ... ok
test_archive_export_refuses_secret_shaped_member (test_hexctl_checkpoint_archive.CheckpointArchiveExportTests.test_archive_export_refuses_secret_shaped_member)
The refusal itself, over a really signed run. ... ok
test_archive_export_refuses_unsupported_signature (test_hexctl_checkpoint_archive.CheckpointArchiveExportTests.test_archive_export_refuses_unsupported_signature) ... ok
test_archive_export_self_check_refuses_manifest_mismatch (test_hexctl_checkpoint_archive.CheckpointArchiveExportTests.test_archive_export_self_check_refuses_manifest_mismatch) ... ok
test_archive_layout_and_entry_metadata_are_fixed (test_hexctl_checkpoint_archive.CheckpointArchiveExportTests.test_archive_layout_and_entry_metadata_are_fixed) ... ok
test_archive_manifest_carries_no_path_hostname_or_environment_value (test_hexctl_checkpoint_archive.CheckpointArchiveExportTests.test_archive_manifest_carries_no_path_hostname_or_environment_value) ... ok
test_archive_reserves_prior_acceptance_entries (test_hexctl_checkpoint_archive.CheckpointArchiveExportTests.test_archive_reserves_prior_acceptance_entries) ... ok
test_archive_signature_proof_requires_good_status_and_records_trailer_counts (test_hexctl_checkpoint_archive.CheckpointArchiveExportTests.test_archive_signature_proof_requires_good_status_and_records_trailer_counts) ... ok
test_secret_shaped_member_refuses_an_adjacent_header_and_footer (test_hexctl_checkpoint_archive.CheckpointArchiveExportTests.test_secret_shaped_member_refuses_an_adjacent_header_and_footer)
A header touching its own footer refuses, carrying no key at all. ... ok
test_secret_shaped_member_refuses_before_publish_on_a_truncated_key_block (test_hexctl_checkpoint_archive.CheckpointArchiveExportTests.test_secret_shaped_member_refuses_before_publish_on_a_truncated_key_block)
A block whose `-----END` is gone is still key material. ... ok
test_signature_unverified_refuses_before_publish_on_a_status_other_than_good (test_hexctl_checkpoint_archive.CheckpointArchiveExportTests.test_signature_unverified_refuses_before_publish_on_a_status_other_than_good)
A good signature by a key the keyring does not trust is not a proof. ... ok
test_signature_unverified_refuses_before_publish_on_an_unpinned_fingerprint (test_hexctl_checkpoint_archive.CheckpointArchiveExportTests.test_signature_unverified_refuses_before_publish_on_an_unpinned_fingerprint)
The key that verified must be the key the manifest pins. ... ok
test_cleanup_check_does_not_attribute_foreign_inspection_activity (test_hexctl_checkpoint_archive.CheckpointArchiveInspectTests.test_cleanup_check_does_not_attribute_foreign_inspection_activity) ... ok
test_cleanup_check_still_detects_an_owned_inspection_leak (test_hexctl_checkpoint_archive.CheckpointArchiveInspectTests.test_cleanup_check_still_detects_an_owned_inspection_leak) ... ok
test_hostile_absolute_path (test_hexctl_checkpoint_archive.CheckpointArchiveInspectTests.test_hostile_absolute_path) ... ok
test_hostile_absolute_source_path_in_manifest (test_hexctl_checkpoint_archive.CheckpointArchiveInspectTests.test_hostile_absolute_source_path_in_manifest) ... ok
test_hostile_backslash_separator (test_hexctl_checkpoint_archive.CheckpointArchiveInspectTests.test_hostile_backslash_separator) ... ok
test_hostile_bundle_over_limit (test_hexctl_checkpoint_archive.CheckpointArchiveInspectTests.test_hostile_bundle_over_limit) ... ok
test_hostile_case_fold_collision (test_hexctl_checkpoint_archive.CheckpointArchiveInspectTests.test_hostile_case_fold_collision) ... ok
test_hostile_compressed_entry (test_hexctl_checkpoint_archive.CheckpointArchiveInspectTests.test_hostile_compressed_entry) ... ok
test_hostile_control_character_name (test_hexctl_checkpoint_archive.CheckpointArchiveInspectTests.test_hostile_control_character_name) ... ok
test_hostile_directory_entry (test_hexctl_checkpoint_archive.CheckpointArchiveInspectTests.test_hostile_directory_entry) ... ok
test_hostile_drive_letter (test_hexctl_checkpoint_archive.CheckpointArchiveInspectTests.test_hostile_drive_letter) ... ok
test_hostile_duplicate_name (test_hexctl_checkpoint_archive.CheckpointArchiveInspectTests.test_hostile_duplicate_name) ... ok
test_hostile_encrypted_entry (test_hexctl_checkpoint_archive.CheckpointArchiveInspectTests.test_hostile_encrypted_entry) ... ok
test_hostile_entry_count_over_limit (test_hexctl_checkpoint_archive.CheckpointArchiveInspectTests.test_hostile_entry_count_over_limit) ... ok
test_hostile_expanded_size_over_limit (test_hexctl_checkpoint_archive.CheckpointArchiveInspectTests.test_hostile_expanded_size_over_limit) ... ok
test_hostile_identity_mismatch (test_hexctl_checkpoint_archive.CheckpointArchiveInspectTests.test_hostile_identity_mismatch) ... ok
test_hostile_missing_member (test_hexctl_checkpoint_archive.CheckpointArchiveInspectTests.test_hostile_missing_member) ... ok
test_hostile_missing_object (test_hexctl_checkpoint_archive.CheckpointArchiveInspectTests.test_hostile_missing_object)
The good bundle's own header is reused byte for byte, so its heads ... ok
test_hostile_nfc_mismatch_name (test_hexctl_checkpoint_archive.CheckpointArchiveInspectTests.test_hostile_nfc_mismatch_name) ... ok
test_hostile_non_utf8_name (test_hexctl_checkpoint_archive.CheckpointArchiveInspectTests.test_hostile_non_utf8_name) ... ok
test_hostile_ref_map_mismatch (test_hexctl_checkpoint_archive.CheckpointArchiveInspectTests.test_hostile_ref_map_mismatch) ... ok
test_hostile_secret_shaped_member (test_hexctl_checkpoint_archive.CheckpointArchiveInspectTests.test_hostile_secret_shaped_member) ... ok
test_hostile_self_referential_acceptance (test_hexctl_checkpoint_archive.CheckpointArchiveInspectTests.test_hostile_self_referential_acceptance) ... ok
test_hostile_setuid_or_executable_mode (test_hexctl_checkpoint_archive.CheckpointArchiveInspectTests.test_hostile_setuid_or_executable_mode) ... ok
test_hostile_signature_proof_mismatch (test_hexctl_checkpoint_archive.CheckpointArchiveInspectTests.test_hostile_signature_proof_mismatch) ... ok
test_hostile_size_mismatch (test_hexctl_checkpoint_archive.CheckpointArchiveInspectTests.test_hostile_size_mismatch) ... ok
test_hostile_special_mode_entry (test_hexctl_checkpoint_archive.CheckpointArchiveInspectTests.test_hostile_special_mode_entry) ... ok
test_hostile_symlink_entry (test_hexctl_checkpoint_archive.CheckpointArchiveInspectTests.test_hostile_symlink_entry) ... ok
test_hostile_tampered_manifest (test_hexctl_checkpoint_archive.CheckpointArchiveInspectTests.test_hostile_tampered_manifest) ... ok
test_hostile_tampered_sidecar (test_hexctl_checkpoint_archive.CheckpointArchiveInspectTests.test_hostile_tampered_sidecar) ... ok
test_hostile_trailing_data (test_hexctl_checkpoint_archive.CheckpointArchiveInspectTests.test_hostile_trailing_data) ... ok
test_hostile_traversal_dotdot (test_hexctl_checkpoint_archive.CheckpointArchiveInspectTests.test_hostile_traversal_dotdot) ... ok
test_hostile_unknown_schema_version (test_hexctl_checkpoint_archive.CheckpointArchiveInspectTests.test_hostile_unknown_schema_version) ... ok
test_hostile_unmanifested_member (test_hexctl_checkpoint_archive.CheckpointArchiveInspectTests.test_hostile_unmanifested_member) ... ok
test_hostile_wrong_outer_digest (test_hexctl_checkpoint_archive.CheckpointArchiveInspectTests.test_hostile_wrong_outer_digest) ... ok
test_hostile_wrong_receipt (test_hexctl_checkpoint_archive.CheckpointArchiveInspectTests.test_hostile_wrong_receipt) ... ok
test_hostile_zip64_record (test_hexctl_checkpoint_archive.CheckpointArchiveInspectTests.test_hostile_zip64_record) ... ok
test_inspect_digests_exactly_the_bytes_it_then_parses (test_hexctl_checkpoint_archive.CheckpointArchiveInspectTests.test_inspect_digests_exactly_the_bytes_it_then_parses)
S3-R1-01: the outer digest has to cover what the parse reads. ... ok
test_inspect_does_not_block_on_a_fifo_at_the_archive_or_its_sidecar (test_hexctl_checkpoint_archive.CheckpointArchiveInspectTests.test_inspect_does_not_block_on_a_fifo_at_the_archive_or_its_sidecar)
S3-R3-04. `open` on a FIFO waits for a writer, so a FIFO where the ... ok
test_inspect_joins_the_bundle_block_to_the_bundle_member (test_hexctl_checkpoint_archive.CheckpointArchiveInspectTests.test_inspect_joins_the_bundle_block_to_the_bundle_member)
S3-R3-01. `checkpoint.json` records the bundle's digest and length ... ok
test_inspect_keeps_the_disposable_keyring_under_its_scratch_root (test_hexctl_checkpoint_archive.CheckpointArchiveInspectTests.test_inspect_keeps_the_disposable_keyring_under_its_scratch_root)
S3-R3-02. The reference promises a `GNUPGHOME` created 0700 under ... ok
test_inspect_prints_no_entry_content (test_hexctl_checkpoint_archive.CheckpointArchiveInspectTests.test_inspect_prints_no_entry_content) ... ok
test_inspect_refuses_a_current_acceptance_anywhere_under_its_root (test_hexctl_checkpoint_archive.CheckpointArchiveInspectTests.test_inspect_refuses_a_current_acceptance_anywhere_under_its_root)
S3-R2-02: the self-reference rule is a location, not one string. ... acceptance-self-reference
acceptance-self-reference
acceptance-self-reference
acceptance-self-reference
ok
test_inspect_refuses_a_malformed_signer_or_proof_block_with_one_class (test_hexctl_checkpoint_archive.CheckpointArchiveInspectTests.test_inspect_refuses_a_malformed_signer_or_proof_block_with_one_class)
S3-R3-03. `signer.key_path` was the one manifest value whose type ... ok
test_inspect_reports_clean_findings_on_a_good_archive (test_hexctl_checkpoint_archive.CheckpointArchiveInspectTests.test_inspect_reports_clean_findings_on_a_good_archive) ... ok
test_inspect_reports_ref_disagreement_over_a_bundle_that_is_also_incomplete (test_hexctl_checkpoint_archive.CheckpointArchiveInspectTests.test_inspect_reports_ref_disagreement_over_a_bundle_that_is_also_incomplete)
S3-R4-01. The reference states the three-way ref join as decided ... ok
test_inspect_states_that_signature_reverification_is_internal (test_hexctl_checkpoint_archive.CheckpointArchiveInspectTests.test_inspect_states_that_signature_reverification_is_internal)
S3-R2-01: a clean signature section is a claim about the archive. ... ok
test_inspect_writes_nothing_outside_scratch (test_hexctl_checkpoint_archive.CheckpointArchiveInspectTests.test_inspect_writes_nothing_outside_scratch) ... ok
test_archive_restore_accepts_a_symlinked_destination_parent (test_hexctl_checkpoint_archive.CheckpointArchiveRestoreTests.test_archive_restore_accepts_a_symlinked_destination_parent)
S4-R1-05: a symlinked *parent* is not an occupied destination. ... ok
test_archive_restore_diagnoses_its_own_identity_scratch_failure_as_itself (test_hexctl_checkpoint_archive.CheckpointArchiveRestoreTests.test_archive_restore_diagnoses_its_own_identity_scratch_failure_as_itself)
S4-R3-02: the identity scratch is the process's own, like the outer one. ... ok
test_archive_restore_diagnoses_its_own_scratch_failure_as_itself (test_hexctl_checkpoint_archive.CheckpointArchiveRestoreTests.test_archive_restore_diagnoses_its_own_scratch_failure_as_itself)
S4-R1-07: the process's scratch root is not the operator's destination. ... ok
test_archive_restore_keeps_its_marker_when_identity_cannot_be_minted (test_hexctl_checkpoint_archive.CheckpointArchiveRestoreTests.test_archive_restore_keeps_its_marker_when_identity_cannot_be_minted)
S4-R4-01: `identity-unavailable` is the fourth post-`git init` class. ... ok
test_archive_restore_keeps_its_marker_when_identity_refuses (test_hexctl_checkpoint_archive.CheckpointArchiveRestoreTests.test_archive_restore_keeps_its_marker_when_identity_refuses)
S4-R4-02: a refusal decided from relocated state keeps its marker. ... ok
test_archive_restore_removes_a_destination_it_created_when_admission_refuses (test_hexctl_checkpoint_archive.CheckpointArchiveRestoreTests.test_archive_restore_removes_a_destination_it_created_when_admission_refuses)
S4-R3-03: the admission's own refusals leave nothing it created. ... ok
test_archive_restore_removes_a_destination_it_created_when_it_refuses (test_hexctl_checkpoint_archive.CheckpointArchiveRestoreTests.test_archive_restore_removes_a_destination_it_created_when_it_refuses)
S4-R1-04: a refused restore leaves no path hexctl created. ... ok
test_archive_restore_removes_the_capsule_stage_once_it_completes (test_hexctl_checkpoint_archive.CheckpointArchiveRestoreTests.test_archive_restore_removes_the_capsule_stage_once_it_completes)
S4-R1-03: the disposable root does not outlive a completed restore. ... ok
test_relocation_transaction_retires_in_place_for_its_native_caller (test_hexctl_checkpoint_archive.CheckpointArchiveRestoreTests.test_relocation_transaction_retires_in_place_for_its_native_caller)
S4-R4-02: `--from` keeps the retirement point it always had. ... ok
test_restore_from_archive_after_main_advances_stays_anchored (test_hexctl_checkpoint_archive.CheckpointArchiveRestoreTests.test_restore_from_archive_after_main_advances_stays_anchored) ... ok
test_restore_from_archive_executes_no_directive (test_hexctl_checkpoint_archive.CheckpointArchiveRestoreTests.test_restore_from_archive_executes_no_directive) ... ok
test_restore_from_archive_offline_after_source_clone_removed (test_hexctl_checkpoint_archive.CheckpointArchiveRestoreTests.test_restore_from_archive_offline_after_source_clone_removed) ... ok
test_restore_from_archive_recreates_repository_and_controller_state (test_hexctl_checkpoint_archive.CheckpointArchiveRestoreTests.test_restore_from_archive_recreates_repository_and_controller_state) ... ok
test_restore_from_archive_refuses_non_empty_destination (test_hexctl_checkpoint_archive.CheckpointArchiveRestoreTests.test_restore_from_archive_refuses_non_empty_destination) ... ok
test_restore_from_archive_reverifies_signatures_receipts_identity_and_ancestry (test_hexctl_checkpoint_archive.CheckpointArchiveRestoreTests.test_restore_from_archive_reverifies_signatures_receipts_identity_and_ancestry) ... ok
test_archive_budgets_declare_the_six_measured_limits (test_hexctl_checkpoint_archive.CheckpointArchiveScaffoldTests.test_archive_budgets_declare_the_six_measured_limits) ... ok
test_archive_reference_names_every_refusal_class_and_fixture_id (test_hexctl_checkpoint_archive.CheckpointArchiveScaffoldTests.test_archive_reference_names_every_refusal_class_and_fixture_id) ... ok
test_capsule_extraction_diagnoses_a_captured_copy_read_failure_as_itself (test_hexctl_checkpoint_archive.CheckpointArchiveScaffoldTests.test_capsule_extraction_diagnoses_a_captured_copy_read_failure_as_itself)
S4-R5-01: a short read of the scratch copy is not `trailing-data`. ... ok
test_controller_constants_carry_the_study_enumerations (test_hexctl_checkpoint_archive.CheckpointArchiveScaffoldTests.test_controller_constants_carry_the_study_enumerations)
S4-R5-01: the study's closed lists, joined to the code that runs. ... ok
test_every_checkpoint_call_to_the_path_echoing_reader_is_sanitised (test_hexctl_checkpoint_archive.CheckpointArchiveScaffoldTests.test_every_checkpoint_call_to_the_path_echoing_reader_is_sanitised)
S4-R6-01: the containment exists; pin that every call site uses it. ... ok
test_refusal_classes_after_git_init_are_the_four_the_reference_qualifies (test_hexctl_checkpoint_archive.CheckpointArchiveScaffoldTests.test_refusal_classes_after_git_init_are_the_four_the_reference_qualifies)
S4-R5-01: the post-`git init` class set, computed rather than read. ... ok
test_source_verification_does_not_echo_the_producers_own_path (test_hexctl_checkpoint_archive.CheckpointArchiveScaffoldTests.test_source_verification_does_not_echo_the_producers_own_path)
S4-R6-01: a receipt outside `.hexaemeron/` printed the producer's path. ... ok
test_secret_scan_passes_a_member_that_carries_no_header (test_hexctl_checkpoint_archive.CheckpointArchiveSecretScanTests.test_secret_scan_passes_a_member_that_carries_no_header) ... ok
test_secret_scan_passes_the_run_s_own_specification_documents (test_hexctl_checkpoint_archive.CheckpointArchiveSecretScanTests.test_secret_scan_passes_the_run_s_own_specification_documents)
The scan does not read a document's own pattern list as a key. ... ok
test_secret_shaped_member_refuses_across_a_chunk_boundary (test_hexctl_checkpoint_archive.CheckpointArchiveSecretScanTests.test_secret_shaped_member_refuses_across_a_chunk_boundary) ... ok
test_secret_shaped_member_refuses_before_publish_on_a_body_the_witness_cannot_read (test_hexctl_checkpoint_archive.CheckpointArchiveSecretScanTests.test_secret_shaped_member_refuses_before_publish_on_a_body_the_witness_cannot_read)
S2-R7-01: a body with no delimiter the witness can see still refuses. ... ok
test_secret_shaped_member_refuses_before_publish_on_a_crlf_key_in_json (test_hexctl_checkpoint_archive.CheckpointArchiveSecretScanTests.test_secret_shaped_member_refuses_before_publish_on_a_crlf_key_in_json)
S2-R4-02: a CRLF key held as a JSON string value used to publish. ... ok
test_secret_shaped_member_refuses_before_publish_on_a_key_past_the_declared_largest (test_hexctl_checkpoint_archive.CheckpointArchiveSecretScanTests.test_secret_shaped_member_refuses_before_publish_on_a_key_past_the_declared_largest)
The residue the third 2026-09-10 study amendment states, as the ... expected failure
test_secret_shaped_member_refuses_before_publish_on_a_numeric_escaped_key_in_json (test_hexctl_checkpoint_archive.CheckpointArchiveSecretScanTests.test_secret_shaped_member_refuses_before_publish_on_a_numeric_escaped_key_in_json)
S2-R6-01: a key whose line feeds are written `\u000a` used to publish. ... ok
test_unrelated_active_study_does_not_join_archive_specifications (test_hexctl_checkpoint_archive.CheckpointArchiveSecretScanTests.test_unrelated_active_study_does_not_join_archive_specifications) ... ok
test_every_repository_the_anchor_admits_survives_the_minting_validator (test_hexctl_checkpoint_archive.RunAnchorRepositoryAdmissionTests.test_every_repository_the_anchor_admits_survives_the_minting_validator)
The property, not the six specimens: anything this gate admits must ... ok
test_run_anchor_repository_refuses_a_relative_path_segment (test_hexctl_checkpoint_archive.RunAnchorRepositoryAdmissionTests.test_run_anchor_repository_refuses_a_relative_path_segment) ... ok
test_complete_product_range_remains_reachable_with_provenance (test_audit_synopsis_recovery.AuditSynopsisRecoveryTests.test_complete_product_range_remains_reachable_with_provenance) ... ok
test_composition_has_exact_parent_order_and_signed_header (test_audit_synopsis_recovery.AuditSynopsisRecoveryTests.test_composition_has_exact_parent_order_and_signed_header) ... ok
test_integrated_controller_and_promise_source_digests_are_current (test_audit_synopsis_recovery.AuditSynopsisRecoveryTests.test_integrated_controller_and_promise_source_digests_are_current) ... ok
test_manifest_covers_every_overlap_and_both_retained_behaviours (test_audit_synopsis_recovery.AuditSynopsisRecoveryTests.test_manifest_covers_every_overlap_and_both_retained_behaviours) ... ok
test_product_suffix_is_exact_and_keeps_its_record_distribution (test_audit_synopsis_recovery.AuditSynopsisRecoveryTests.test_product_suffix_is_exact_and_keeps_its_record_distribution) ... ok
test_receipted_study_and_runbook_have_exact_committed_copies (test_audit_synopsis_recovery.AuditSynopsisRecoveryTests.test_receipted_study_and_runbook_have_exact_committed_copies) ... ok
test_release_proof_binds_the_composed_runtime_and_generations (test_audit_synopsis_recovery.AuditSynopsisRecoveryTests.test_release_proof_binds_the_composed_runtime_and_generations) ... ok
test_release_tree_keeps_product_sources_and_current_unique_synopses (test_audit_synopsis_recovery.AuditSynopsisRecoveryTests.test_release_tree_keeps_product_sources_and_current_unique_synopses) ... ok
test_root_audit_retains_the_exact_pinned_base_blob_as_its_prefix (test_audit_synopsis_recovery.AuditSynopsisRecoveryTests.test_root_audit_retains_the_exact_pinned_base_blob_as_its_prefix) ... ok

----------------------------------------------------------------------
Ran 333 tests in 1441.738s

OK (expected failures=1)
resolved 1 version target(s) against main at 83f3b4586f1f467ef1a345d7ac0ea4deed666c4c and candidate 3d7eeb18af8e45a8299472bd51dfd95cd6a94426
recovered version resolution for base 53ea4223eb7fb4c70221197d33ff46e15aa53a63 and head d00f5773efdafb0c8ca36bb21c4af205955f6766
resolved 1 version target(s) against main at e70301bd3217106c955b271377e14282a9eea404 and candidate d6afdc323162291c79232f70f44694c8c2e90f4d
version resolution already records base e70301bd3217106c955b271377e14282a9eea404 and head d6afdc323162291c79232f70f44694c8c2e90f4d
recovered version resolution for base 4ebc1b970fb4b1f461944dcc498061fc809ee8bc and head 4f38cbdb0947fea25d6160fa8daa446446626d01
resolved 1 version target(s) against main at facb90d949c0993e585efd45911bf9debdc7e3cf and candidate ccde605f4a06a2b69a8bc788e3df14182b4ae805
recovered version resolution for base cf071c5774f6b10f6dde14d64975a7cee1089830 and head 11cbbcc46f0a8538f233421fdda104d4501b8e19
resolved 1 version target(s) against main at 20c25d47c6ab869ff3147d258406c0ae780ac856 and candidate 7eba37fc2a0bf9db8f03cf170171f4e7baf2daaa
