[fiat/1273-settle-declared-study-criteria-with-recorde-step-1-scaffold-the-declared-contract-a 84859f22] Scaffold recorded study criteria and isolate archive fixtures
 137 files changed, 9385 insertions(+), 67 deletions(-)
 create mode 100644 docs/decisions/drafts/settle-study-criteria-from-recorded-execution.md
 create mode 100644 docs/protasis-success-criteria/README.md
 create mode 100644 docs/protasis-success-criteria/design-evidence.json
 create mode 100644 docs/protasis-success-criteria/evidence/audit-currency.log
 create mode 100644 docs/protasis-success-criteria/evidence/audit-excerpts.json
 create mode 100644 docs/protasis-success-criteria/evidence/audit-reading-manifest.json
 create mode 100644 docs/protasis-success-criteria/evidence/controller-capture-design-home.evidence.json
 create mode 100644 docs/protasis-success-criteria/evidence/decision-publication.json
 create mode 100644 docs/protasis-success-criteria/evidence/design-lock-final.json
 create mode 100644 docs/protasis-success-criteria/evidence/evaluation-projection/applied.json
 create mode 100644 docs/protasis-success-criteria/evidence/evaluation-projection/candidate-packet-manifest.json
 create mode 100644 docs/protasis-success-criteria/evidence/evaluation-projection/original-evaluation-run.json
 create mode 100644 docs/protasis-success-criteria/evidence/evaluation-projection/proposal.json
 create mode 100644 docs/protasis-success-criteria/evidence/evaluation-projection/source-packet-manifest.json
 create mode 100644 docs/protasis-success-criteria/evidence/final-source-study.md
 create mode 100644 docs/protasis-success-criteria/evidence/gate-interface-probe.json
 create mode 100644 docs/protasis-success-criteria/evidence/history/step-1-before-evaluation-projection/controller-capture-design-home.evidence.json
 create mode 100644 docs/protasis-success-criteria/evidence/history/step-1-before-evaluation-projection/controller-capture-design-home.json
 create mode 100644 docs/protasis-success-criteria/evidence/history/step-1-before-evaluation-projection/history.json
 create mode 100644 docs/protasis-success-criteria/evidence/history/step-1-before-evaluation-projection/proof.py.txt
 create mode 100644 docs/protasis-success-criteria/evidence/history/step-1-before-evaluation-projection/provenance.json
 create mode 100644 docs/protasis-success-criteria/evidence/history/step-1-before-evaluation-projection/runbook.md.txt
 create mode 100644 docs/protasis-success-criteria/evidence/history/step-1-before-fixture-repair/controller-capture-design-home.evidence.json
 create mode 100644 docs/protasis-success-criteria/evidence/history/step-1-before-fixture-repair/controller-capture-design-home.json
 create mode 100644 docs/protasis-success-criteria/evidence/history/step-1-before-fixture-repair/history.json
 create mode 100644 docs/protasis-success-criteria/evidence/history/step-1-before-fixture-repair/proof.py.txt
 create mode 100644 docs/protasis-success-criteria/evidence/history/step-1-before-fixture-repair/provenance.json
 create mode 100644 docs/protasis-success-criteria/evidence/history/step-1-before-fixture-repair/runbook.md.txt
 create mode 100644 docs/protasis-success-criteria/evidence/history/step-1-before-fixture-repair/step-1-active-study-reproduction.json
 create mode 100644 docs/protasis-success-criteria/evidence/history/step-1-before-fixture-repair/step-1-active-study-reproduction.log
 create mode 100644 docs/protasis-success-criteria/evidence/history/step-1-before-fixture-repair/step-1-exit-failed.json
 create mode 100644 docs/protasis-success-criteria/evidence/history/step-1-before-fixture-repair/step-1-foreign-temp-reproduction-2.json
 create mode 100644 docs/protasis-success-criteria/evidence/history/step-1-before-fixture-repair/step-1-foreign-temp-reproduction-2.log
 create mode 100644 docs/protasis-success-criteria/evidence/history/step-1-before-fixture-repair/step-1-foreign-temp-reproduction-2.py.txt
 create mode 100644 docs/protasis-success-criteria/evidence/history/step-1-before-fixture-repair/step-1-foreign-temp-reproduction.json
 create mode 100644 docs/protasis-success-criteria/evidence/history/step-1-before-fixture-repair/step-1-foreign-temp-reproduction.log
 create mode 100644 docs/protasis-success-criteria/evidence/history/step-1-before-fixture-repair/step-1-foreign-temp-reproduction.py.txt
 create mode 100644 docs/protasis-success-criteria/evidence/history/step-1-before-fixture-repair/step-1-greenlight.log
 create mode 100644 docs/protasis-success-criteria/evidence/history/step-1-before-fixture-repair/step-1-hex-exit.log
 create mode 100644 docs/protasis-success-criteria/evidence/imprimatur-final.json
 create mode 100644 docs/protasis-success-criteria/evidence/issue-1273.json
 create mode 100644 docs/protasis-success-criteria/evidence/opening-study.md
 create mode 100644 docs/protasis-success-criteria/evidence/pr-1670.json
 create mode 100644 docs/protasis-success-criteria/evidence/pr-1681.json
 create mode 100644 docs/protasis-success-criteria/evidence/pr-1685.json
 create mode 100644 docs/protasis-success-criteria/evidence/prepared-decision-draft.md
 create mode 100644 docs/protasis-success-criteria/evidence/prose-parity.json
 create mode 100644 docs/protasis-success-criteria/evidence/provenance.json
 create mode 100644 docs/protasis-success-criteria/evidence/runbook-imprimatur-final.log
 create mode 100644 docs/protasis-success-criteria/evidence/runbook-prose-parity.json
 create mode 100644 docs/protasis-success-criteria/evidence/selection-executions.json
 create mode 100644 docs/protasis-success-criteria/evidence/step-1-archive-fixtures-fixed-2.log
 create mode 100644 docs/protasis-success-criteria/evidence/step-1-archive-fixtures-fixed.log
 create mode 100644 docs/protasis-success-criteria/evidence/step-1-brevitas-README-3.log
 create mode 100644 docs/protasis-success-criteria/evidence/step-1-brevitas-README-4.log
 create mode 100644 docs/protasis-success-criteria/evidence/step-1-brevitas.log
 create mode 100644 docs/protasis-success-criteria/evidence/step-1-bridge-3.log
 create mode 100644 docs/protasis-success-criteria/evidence/step-1-bridge-4.log
 create mode 100644 docs/protasis-success-criteria/evidence/step-1-decision-imprimatur-final.json
 create mode 100644 docs/protasis-success-criteria/evidence/step-1-design-home-2.log
 create mode 100644 docs/protasis-success-criteria/evidence/step-1-design-home-3.log
 create mode 100644 docs/protasis-success-criteria/evidence/step-1-evaluation-owning-tests.log
 create mode 100644 docs/protasis-success-criteria/evidence/step-1-evaluation-prose-before-vulgate.log
 create mode 100644 docs/protasis-success-criteria/evidence/step-1-evaluation-prose-final.log
 create mode 100644 docs/protasis-success-criteria/evidence/step-1-evaluation-prose-review.json
 create mode 100644 docs/protasis-success-criteria/evidence/step-1-evaluation-verify-3.log
 create mode 100644 docs/protasis-success-criteria/evidence/step-1-fixture-prose-before-vulgate.json
 create mode 100644 docs/protasis-success-criteria/evidence/step-1-fixture-prose-final.json
 create mode 100644 docs/protasis-success-criteria/evidence/step-1-fixture-prose-review.json
 create mode 100644 docs/protasis-success-criteria/evidence/step-1-foreign-temp-3-green.json
 create mode 100644 docs/protasis-success-criteria/evidence/step-1-foreign-temp-3-green.log
 create mode 100644 docs/protasis-success-criteria/evidence/step-1-foreign-temp-3-red.json
 create mode 100644 docs/protasis-success-criteria/evidence/step-1-foreign-temp-3-red.log
 create mode 100644 docs/protasis-success-criteria/evidence/step-1-foreign-temp-fixed.json
 create mode 100644 docs/protasis-success-criteria/evidence/step-1-foreign-temp-fixed.log
 create mode 100644 docs/protasis-success-criteria/evidence/step-1-foreign-temp-reproduction-3.py.txt
 create mode 100644 docs/protasis-success-criteria/evidence/step-1-imprimatur-final-2.json
 create mode 100644 docs/protasis-success-criteria/evidence/step-1-imprimatur-final.json
 create mode 100644 docs/protasis-success-criteria/evidence/step-1-lints-4.log
 create mode 100644 docs/protasis-success-criteria/evidence/step-1-numbered-fixture-green.json
 create mode 100644 docs/protasis-success-criteria/evidence/step-1-numbered-fixture-green.log
 create mode 100644 docs/protasis-success-criteria/evidence/step-1-numbered-fixture-red.json
 create mode 100644 docs/protasis-success-criteria/evidence/step-1-numbered-fixture-red.log
 create mode 100644 docs/protasis-success-criteria/evidence/step-1-portable-check-4.log
 create mode 100644 docs/protasis-success-criteria/evidence/step-1-portable-sync-4.log
 create mode 100644 docs/protasis-success-criteria/evidence/step-1-prose-review-final.json
 create mode 100644 docs/protasis-success-criteria/evidence/step-1-prose-review.json
 create mode 100644 docs/protasis-success-criteria/evidence/step-1-prose-source-README.md.txt
 create mode 100644 docs/protasis-success-criteria/evidence/step-1-readme-brevitas-5.log
 create mode 100644 docs/protasis-success-criteria/evidence/step-1-readme-imprimatur-final-3.json
 create mode 100644 docs/protasis-success-criteria/evidence/step-1-readme-prose-final.json
 create mode 100644 docs/protasis-success-criteria/evidence/step-1-root-owned-causes-fixed.log
 create mode 100644 docs/protasis-success-criteria/evidence/step-1-scaffold-tests-3.log
 create mode 100644 docs/protasis-success-criteria/evidence/step-1-scaffold-tests-4.log
 create mode 100644 docs/protasis-success-criteria/evidence/step-1-scratch-rule-fixed.log
 create mode 100644 docs/protasis-success-criteria/evidence/step-1-version-tests-2.log
 create mode 100644 docs/protasis-success-criteria/evidence/study-step-topology.md
 create mode 100644 docs/protasis-success-criteria/proof.py
 create mode 100644 docs/protasis-success-criteria/reports/controller-capture-descriptor-mismatch-refused.json
 create mode 100644 docs/protasis-success-criteria/reports/controller-capture-design-home.json
 create mode 100644 docs/protasis-success-criteria/reports/controller-capture-failed-result-unmet.json
 create mode 100644 docs/protasis-success-criteria/reports/controller-capture-legacy-no-backfill.json
 create mode 100644 docs/protasis-success-criteria/reports/controller-capture-sample-record-bytes.json
 create mode 100644 docs/protasis-success-criteria/reports/controller-capture-settlement-invocations.json
 create mode 100644 docs/protasis-success-criteria/reports/controller-capture-unexecuted-result-refused.json
 create mode 100644 docs/protasis-success-criteria/reports/producer-report-descriptor-mismatch-refused.json
 create mode 100644 docs/protasis-success-criteria/reports/producer-report-failed-result-unmet.json
 create mode 100644 docs/protasis-success-criteria/reports/producer-report-legacy-no-backfill.json
 create mode 100644 docs/protasis-success-criteria/reports/producer-report-sample-record-bytes.json
 create mode 100644 docs/protasis-success-criteria/reports/producer-report-settlement-invocations.json
 create mode 100644 docs/protasis-success-criteria/reports/producer-report-unexecuted-result-refused.json
 create mode 100644 docs/protasis-success-criteria/reports/terminal-replay-descriptor-mismatch-refused.json
 create mode 100644 docs/protasis-success-criteria/reports/terminal-replay-failed-result-unmet.json
 create mode 100644 docs/protasis-success-criteria/reports/terminal-replay-legacy-no-backfill.json
 create mode 100644 docs/protasis-success-criteria/reports/terminal-replay-sample-record-bytes.json
 create mode 100644 docs/protasis-success-criteria/reports/terminal-replay-settlement-invocations.json
 create mode 100644 docs/protasis-success-criteria/reports/terminal-replay-unexecuted-result-refused.json
 create mode 100644 docs/protasis-success-criteria/runbook.md
 create mode 100644 docs/protasis-success-criteria/selection_probe.py
 create mode 100644 docs/protasis-success-criteria/study.md
 create mode 100644 tests/test_success_criteria_scaffold.py
