
=== x-ray.md ===
score 48.7/100   defects 68   weighted 174   /1k words 50.42

  S      10:1  medium   bold_lead_bullet: ' - **Users**:'
  S      12:1  medium   bold_lead_bullet: '- **Core flow**:'
  S      13:1  medium   bold_lead_bullet: '- **Key mechanism**:'
  S      14:1  medium   bold_lead_bullet: '- **Token model**:'
  S      15:1  medium   bold_lead_bullet: '- **Admin model**:'
  S      20:1  medium   bold_lead_bullet: ' - **Contexts (7)**:'
  S      22:1  medium   bold_lead_bullet: '- **Equivalent core commits**:'
  S      23:1  medium   bold_lead_bullet: '- **Registry**:'
  S      24:1  medium   bold_lead_bullet: '- **Excluded**:'
  S      25:1  medium   bold_lead_bullet: '- **Measured tree**:'
  S      41:1  medium   title_case_heading: '### How It Fits Together '
  S      65:1  medium   title_case_heading: '### Protocol Threat Profile '
  S      94:1  medium   bold_lead_bullet: ' - **Owner → registry**:'
  S      96:1  medium   bold_lead_bullet: '- **SphereX admin/operator → every registered contract**:'
  S      97:1  medium   bold_lead_bullet: '- **Borrower → market terms**:'
  S      98:1  medium   bold_lead_bullet: '- **Sentinel → Chainalysis list**:'
  S      99:1  medium   bold_lead_bullet: '- **Market → underlying asset**:'
  S     101:1  medium   title_case_heading: '### Key Attack Surfaces '
  S   103:114  high     em_dash: '—'
  S   105:123  high     em_dash: '—'
  S   107:117  high     em_dash: '—'
  S   109:137  high     em_dash: '—'
  S   111:141  high     em_dash: '—'
  S   113:164  high     em_dash: '—'
  S   115:195  high     em_dash: '—'
  S   117:111  high     em_dash: '—'
  S   119:142  high     em_dash: '—'
  S   121:138  high     em_dash: '—'
  S     122:1  medium   bold_lead_bullet: ' - **Arch-controller owner operational powers** —'
  S    123:48  high     em_dash: '—'
  S    125:78  high     em_dash: '—'
  S   127:123  high     em_dash: '—'
  S    129:66  high     em_dash: '—'
  S     131:1  medium   title_case_heading: '### Upgrade Architecture Concerns '
  S     132:1  medium   bold_lead_bullet: ' - **No proxy or upgrade path** —'
  S    133:32  high     em_dash: '—'
  S     145:1  medium   title_case_heading: '### Temporal Risk Profile '
  S    162:24  high     em_dash: '—'
  S    168:34  high     em_dash: '—'
  S    174:22  high     em_dash: '—'
  S    180:22  high     em_dash: '—'
  S    187:51  high     em_dash: '—'
  S    188:84  high     em_dash: '—'
  S    189:61  high     em_dash: '—'
  S    200:71  high     em_dash: '—'
  S    202:45  high     em_dash: '—'
  S    203:56  high     em_dash: '—'
  S    204:55  high     em_dash: '—'
  S    205:47  high     em_dash: '—'
  S   207:182  high     em_dash: '—'
  S    228:31  high     em_dash: '—'
  S    229:33  high     em_dash: '—'
  S    257:26  high     em_dash: '—'
  S     309:1  medium   title_case_heading: '### Dangerous Area Evolution '
  S     326:1  medium   title_case_heading: '### Technical Debt Markers '
  S     336:1  medium   bold_lead_bullet: ' - **Single-developer concentration** —'
  S    337:38  high     em_dash: '—'
  S     338:1  medium   bold_lead_bullet: '- **Late burst before HEAD** —'
  S    338:30  high     em_dash: '—'
  S     339:1  medium   bold_lead_bullet: '- **Guard and access-control churn** —'
  S    339:38  high     em_dash: '—'
  S     340:1  medium   bold_lead_bullet: '- **Hotspots are the market core** —'
  S    340:36  high     em_dash: '—'
  S     341:1  medium   bold_lead_bullet: '- **Fix commits without test changes** —'
  S    341:40  high     em_dash: '—'
  S     342:1  medium   bold_lead_bullet: '- **Internalized SphereX fork** —'
  S    342:33  high     em_dash: '—'
  S    355:13  high     em_dash: '—'

cadence signals (judgement, not defects):
  ~ repeated openers: worth confirmingx4, worth tracingx5, worth checkingx3

=== entry-points.md ===
score 92.4/100   defects 5   weighted 13   /1k words 5.54

  S       1:1  medium   title_case_heading: '# Entry Point Map '
  S      15:1  medium   title_case_heading: '## Protocol Flow Paths '
  S    312:16  high     em_dash: '—'
  S    325:16  high     em_dash: '—'
  S    416:69  high     em_dash: '—'

=== invariants.md ===
score 91.2/100   defects 12   weighted 24   /1k words 6.45

  G       1:3  medium   engineering: 'invariant'  [no concrete referent]
  S     252:1  medium   bold_lead_bullet: ' - **Δ-pair (delta-pair) analysis**:'
  S     254:1  medium   bold_lead_bullet: '- **Guard lift**:'
  G   254:190  medium   engineering: 'invariant'  [no concrete referent]
  S     255:1  medium   bold_lead_bullet: '- **State-machine edge**:'
  S     256:1  medium   bold_lead_bullet: '- **Temporal predicate**:'
  S     257:1  medium   bold_lead_bullet: '- **NatSpec-stated global property**:'
  S     684:1  medium   bold_lead_bullet: '- **Conservation**:'
  S     685:1  medium   bold_lead_bullet: '- **Bound**:'
  S     686:1  medium   bold_lead_bullet: '- **Ratio**:'
  S     687:1  medium   bold_lead_bullet: '- **StateMachine**:'
  S     688:1  medium   bold_lead_bullet: '- **Temporal**:'

signals (known false positives; look, do not obey):
  ~ 56:143  rule_of_three: 'receive, queue, or be'

cadence signals (judgement, not defects):
  ~ 14 consecutive similar-length sentences
  ~ repeated openers: if violatedx50, derivation guard-liftx12, derivation edgex9, derivation natspecx3, derivation temporalx4, caller sidex12, callee sidex12, follows fromx4
